program
  class
    Object
    method
      abort
      Object
    method
      type_name
      String
    method
      copy
      SELF_TYPE
  class
    IO
    Object
    method
      out_string
      formal
        x
        String
      SELF_TYPE
    method
      out_int
      formal
        x
        Int
      SELF_TYPE
    method
      in_string
      String
    method
      in_int
      Int
  class
    String
    Object
    attribute
      l
      Int
      0 : Int
    attribute
      str
      String
    method
      length
      Int
    method
      concat
      formal
        s
        String
      String
    method
      substr
      formal
        i
        Int
      formal
        l
        Int
      String
  class
    Int
    Object
    attribute
      val
      Int
  class
    Bool
    Object
    attribute
      val
      Bool
  class
    A
    attribute
      z
      Int
      x : Int
    attribute
      x
      Int
      x : Int
    attribute
      f
      Bool
    method
      f
      formal
        f
        Int
      Int
      let : Int
        local : Int
          y
          Int
          z : Int
        case : Int
          y
          case branch : Int
            z
            Int
            <- : Int
              x
              + : Int
                + : Int
                  x : Int
                  z : Int
                f : Int
    method
      g
      A
      self : SELF_TYPE
