program
  class
    Object
    method
      abort
      Object
    method
      type_name
      String
    method
      copy
      SELF_TYPE
  class
    IO
    Object
    method
      out_string
      formal
        x
        String
      SELF_TYPE
    method
      out_int
      formal
        x
        Int
      SELF_TYPE
    method
      in_string
      String
    method
      in_int
      Int
  class
    String
    Object
    attribute
      l
      Int
    attribute
      str
      String
    method
      length
      Int
    method
      concat
      formal
        s
        String
      String
    method
      substr
      formal
        i
        Int
      formal
        l
        Int
      String
  class
    Int
    Object
    attribute
      val
      Int
  class
    Bool
    Object
    attribute
      val
      Bool
  class
    A
    attribute
      j
      Bool
      not : Bool
        isvoid : Bool
          new : B
            B
    method
      f
      formal
        a
        A
      Object
      <- : A
        a
        new : A
          A
    method
      g
      formal
        a
        A
      Object
      <- : B
        a
        new : B
          B
  class
    B
    A
