program
  class
    Object
    method
      abort
      Object
    method
      type_name
      String
    method
      copy
      SELF_TYPE
  class
    IO
    Object
    method
      out_string
      formal
        x
        String
      SELF_TYPE
    method
      out_int
      formal
        x
        Int
      SELF_TYPE
    method
      in_string
      String
    method
      in_int
      Int
  class
    String
    Object
    attribute
      l
      Int
      0 : Int
    attribute
      str
      String
       : String
    method
      length
      Int
    method
      concat
      formal
        s
        String
      String
    method
      substr
      formal
        i
        Int
      formal
        l
        Int
      String
  class
    Int
    Object
    attribute
      val
      Int
      0 : Int
  class
    Bool
    Object
    attribute
      val
      Bool
      false : Bool
  class
    A
    method
      f
      formal
        x
        Int
      Object
      <- : Int
        x
        if : Int
          <= : Bool
            x : Int
            5 : Int
          x : Int
          + : Int
            x : Int
            1 : Int
    method
      h
      formal
        b
        B
      formal
        c
        C
      Object
      <- : B
        b
        if : B
          true : Bool
          b : B
          c : C
  class
    B
  class
    C
    B
