program
  class
    Object
    method
      abort
      Object
    method
      type_name
      String
    method
      copy
      SELF_TYPE
  class
    IO
    Object
    method
      out_string
      formal
        x
        String
      SELF_TYPE
    method
      out_int
      formal
        x
        Int
      SELF_TYPE
    method
      in_string
      String
    method
      in_int
      Int
  class
    String
    Object
    attribute
      l
      Int
      0 : Int
    attribute
      str
      String
    method
      length
      Int
    method
      concat
      formal
        s
        String
      String
    method
      substr
      formal
        i
        Int
      formal
        l
        Int
      String
  class
    Int
    Object
    attribute
      val
      Int
  class
    Bool
    Object
    attribute
      val
      Bool
  class
    A
    method
      f
      formal
        x
        Int
      Object
      <- : Int
        x
        case : Int
          x
          case branch : Int
            x
            Int
            3 : Int
    method
      h
      formal
        b
        B
      formal
        c
        C
      formal
        d
        D
      Object
      <- : B
        b
        case : B
          b
          case branch : B
            x
            Int
            b : B
          case branch : C
            y
            String
            c : C
          case branch : D
            z
            Bool
            d : D
  class
    B
  class
    C
    B
  class
    D
    C
