program
  class
    Object
    method
      abort
      Object
    method
      type_name
      String
    method
      copy
      SELF_TYPE
  class
    IO
    Object
    method
      out_string
      formal
        x
        String
      SELF_TYPE
    method
      out_int
      formal
        x
        Int
      SELF_TYPE
    method
      in_string
      String
    method
      in_int
      Int
  class
    String
    Object
    attribute
      l
      Int
    attribute
      str
      String
    method
      length
      Int
    method
      concat
      formal
        s
        String
      String
    method
      substr
      formal
        i
        Int
      formal
        l
        Int
      String
  class
    Int
    Object
    attribute
      val
      Int
  class
    Bool
    Object
    attribute
      val
      Bool
  class
    A
    method
      f
      formal
        u
        Int
      Object
      <- : Int
        u
        let : Int
          local : Int
            x
            Int
            + : Int
              u : Int
              1 : Int
          local
            y
            Int
          local
            z
            Int
          local : B
            b1
            B
            new : B
              B
          local : C
            b2
            B
            new : C
              C
          + : Int
            + : Int
              x : Int
              y : Int
            z : Int
  class
    B
  class
    C
    B
