"19-self_type.cl", line 5:11, Semantic error: Method h of class A has formal parameter y with illegal type SELF_TYPE
"19-self_type.cl", line 7:35, Semantic error: Operand of + has type SELF_TYPE instead of Int
"19-self_type.cl", line 10:18, Semantic error: Type Object of assigned expression is incompatible with declared type SELF_TYPE of identifier x
"19-self_type.cl", line 12:18, Semantic error: Type SELF_TYPE of assigned expression is incompatible with declared type Int of identifier u
"19-self_type.cl", line 6:9, Semantic error: Type Int of the body of method h is incompatible with declared return type SELF_TYPE
"19-self_type.cl", line 34:19, Semantic error: Undefined method g in class A
"19-self_type.cl", line 35:24, Semantic error: Undefined method g in class A
"19-self_type.cl", line 43:24, Semantic error: Undefined method g in class A
"19-self_type.cl", line 46:21, Semantic error: Undefined method g in class A
"19-self_type.cl", line 56:24, Semantic error: Type D of the body of method f1 is incompatible with declared return type SELF_TYPE
Compilation halted
