CLASS
CLASS_NAME(A)
LBRACE
IDENT(s1)
COLON
CLASS_NAME(String)
ASSIGN
STRING_LITERAL(ab	cd)
SEMICOLON
IDENT(s2)
COLON
CLASS_NAME(String)
ASSIGN
STRING_LITERAL(ab
cd)
SEMICOLON
IDENT(s3)
COLON
CLASS_NAME(String)
ASSIGN
STRING_LITERAL(ab
cd)
SEMICOLON
IDENT(s4)
COLON
CLASS_NAME(String)
ASSIGN
STRING_LITERAL(ab\cd)
SEMICOLON
IDENT(s5)
COLON
CLASS_NAME(String)
ASSIGN
STRING_LITERAL(abzcd)
SEMICOLON
RBRACE
SEMICOLON
END
