"tests/lexer/18-error-string.cl", 2:22: Lexical error: String constant too long
"tests/lexer/18-error-string.cl", 3:22: Lexical error: String contains null character
"tests/lexer/18-error-string.cl", 4:30: Lexical error: Unterminated string constant
"tests/lexer/18-error-string.cl", 6:21: Lexical error: EOF in string constant
Compilation halted
