program
  class
    A
    attribute
      x
      Int
    method
      f
      formal
        y
        Int
      Int
      <-
        x
        y
    method
      f
      formal
        y
        Int
      formal
        z
        Int
      Int
      <-
        x
        <-
          y
          z
