"02-define-attribute.cl", line 6:5, Semantic error: Class A has attribute with illegal name self
"02-define-attribute.cl", line 8:5, Semantic error: Class A redefines attribute x
"02-define-attribute.cl", line 9:12, Semantic error: Class A has attribute y with undefined type C
"02-define-attribute.cl", line 10:5, Semantic error: Class A redefines attribute x
"02-define-attribute.cl", line 2:5, Semantic error: Class B redefines inherited attribute x
Compilation halted
