"tests/semantic/18-type-dispatch.cl", line 4:18, Semantic error: Type Int of assigned expression is incompatible with declared type C of identifier c
"tests/semantic/18-type-dispatch.cl", line 5:15, Semantic error: Method f of class B is applied to wrong number of arguments
"tests/semantic/18-type-dispatch.cl", line 6:17, Semantic error: In call to method f of class B, actual type Bool of formal parameter x is incompatible with declared type Int
"tests/semantic/18-type-dispatch.cl", line 8:15, Semantic error: Undefined method g in class C
"tests/semantic/18-type-dispatch.cl", line 9:17, Semantic error: In call to method f of class C, actual type String of formal parameter x is incompatible with declared type Int
"tests/semantic/18-type-dispatch.cl", line 11:15, Semantic error: Type of static dispatch cannot be SELF_TYPE
"tests/semantic/18-type-dispatch.cl", line 12:15, Semantic error: Type Y of static dispatch is undefined
"tests/semantic/18-type-dispatch.cl", line 13:15, Semantic error: Type A of static dispatch is not a superclass of type C
"tests/semantic/18-type-dispatch.cl", line 15:17, Semantic error: Undefined method f in class Z
"tests/semantic/18-type-dispatch.cl", line 19:23, Semantic error: In call to method f of class A, actual type B of formal parameter c is incompatible with declared type C
"tests/semantic/18-type-dispatch.cl", line 23:23, Semantic error: In call to method f of class A, actual type B of formal parameter c is incompatible with declared type C
"tests/semantic/18-type-dispatch.cl", line 23:18, Semantic error: Type Int of assigned expression is incompatible with declared type C of identifier c
Compilation halted
